2026-08-11 — Akave Esports Black
2026-08-11 — Wadadaa
2026-08-11 — Frost White
2026-08-11 — MVSK Treasure
2026-08-11 — GnG Amazigh
2026-08-11 — Gods Reign
2026-08-11 — XLG Gaming
2026-08-11 — sleepers
2026-08-11 — Nobles
2026-08-11 — IAM
2026-08-11 — FlyENVY
2026-08-11 — KRÜ X LYON
2026-08-11 — Winthrop X Shopify Rebellion
2026-08-11 — Cubert Academy
2026-08-11 — FLOW TIM CHEESE
2026-08-11 — 9z Team
2026-08-11 — E-Xolos LAZER
2026-08-11 — Six Karma
2026-08-11 — Nekoma Club
2026-08-11 — Bon Bon Bum Contra GC
2026-08-11 — Twisted Minds
2026-08-11 — Boars Gaming
2026-08-11 — děti ulice
2026-08-11 — S2G Esports
2026-08-11 — Gen.G Esports
2026-08-11 — Leviatán Esports
2026-08-11 — Gesichtenhausen
2026-08-11 — SLT
2026-08-11 — FURIA Esports
2026-08-11 — bench5
2026-08-11 — Misa Esports
2026-08-11 — FUT Turkuaz
2026-08-11 — Dplus
2026-08-11 — DetonatioN FocusMe Academy
2026-08-11 — Stellae Gaming
2026-08-11 — NEXT 
2026-08-11 — Ghools Esports
2026-08-11 — LIT Esport
2026-08-11 — E-KING
2026-08-11 — Todak
2026-08-11 — Fancy United
2026-08-11 — Bodax Gaming
2026-08-11 — FUT Academy
2026-08-11 — Dortmund Gesichtenhausen
2026-08-11 — Cristaux de Menthe
2026-08-11 — S2G Glaux
2026-08-11 — Sissi State Punks Numina
2026-08-11 — Streamerzone INDIGO
2026-08-11 — TWISTED SAINTS X
2026-08-11 — KIT CATS
2026-08-11 — Team Envy
2026-08-11 — QoR
2026-08-11 — Team Evictix
2026-08-11 — YFP Gaming
2026-08-11 — ULF Esports
2026-08-11 — BUNKURS 13
2026-08-11 — LEO
2026-08-11 — VINFO
2026-08-11 — ex-TSE Ascending
2026-08-11 — JD Gaming
2026-08-11 — TEC Esports
2026-08-11 — Boogeymen
2026-08-11 — ALT F4
2026-08-11 — LYON
2026-08-11 — Tezcat Gaming
2026-08-11 — Farenvehn
2026-08-11 — AB3 Esports
2026-08-11 — Reféns do Turkish
2026-08-11 — HOLY
2026-08-11 — Paysandu E-Sports
2026-08-11 — Polar Squad Esports GC
2026-08-11 — REMO E-Sports
2026-08-11 — Equipe Caos
2026-08-11 — Blue Otter GC
2026-08-11 — Ghost Gaming GC
2026-08-11 — 100 Thieves GC
2026-08-11 — Kiwoom DRX Academy
2026-08-11 — 555
2026-08-11 — NAOS Esports
2026-08-11 — 4 shurima
2026-08-11 — Kadiliman Esports
2026-08-11 — Sharper Esport
2026-08-11 — Melser Kindergarten
2026-08-11 —  Team Pulsar
2026-08-11 — xCrew Esports
2026-08-11 — Murash
2026-08-11 — Riddle
2026-08-11 — TEAM SCARS
2026-08-11 — Lost Puppies
2026-08-11 — NAVI Junior
2026-08-11 — Spire Esports
2026-08-11 — HGE Esports
2026-08-11 —  REBORN
2026-08-11 —  Uwinks GC
2026-08-11 — FENNEL Female
2026-08-11 — EGO
2026-08-11 — Grizzly Gang
2026-08-11 — Team Weibo
2026-08-11 — Xiao Long Bao
2026-08-11 — Dynamo Esports
2026-08-11 — YFT Esports
2026-08-11 — Stray Kittens
2026-08-11 — AG.AL International
2026-08-11 — MIBR LOS
2026-09-01 — Wadadaa
2026-09-01 — Frost White
2026-09-01 — MVSK Treasure
2026-09-01 — GnG Amazigh
2026-09-01 — Gods Reign
2026-09-01 — sleepers
2026-09-01 — Nobles
2026-09-01 — IAM
2026-09-01 — FlyENVY
2026-09-01 — KRÜ X LYON
2026-09-01 — Winthrop X Shopify Rebellion
2026-09-01 — Cubert Academy
2026-09-01 — FLOW TIM CHEESE
2026-09-01 — 9z Team
2026-09-01 — E-Xolos LAZER
2026-09-01 — Six Karma
2026-09-01 — Nekoma Club
2026-09-01 — Bon Bon Bum Contra GC
2026-09-01 — Twisted Minds
2026-09-01 — Boars Gaming
2026-09-01 — děti ulice
2026-09-01 — S2G Esports
2026-09-01 — Gesichtenhausen
2026-09-01 — SLT
2026-09-01 — bench5
2026-09-01 — Misa Esports
2026-09-01 — FUT Turkuaz
2026-09-01 — Dplus
2026-09-01 — DetonatioN FocusMe Academy
2026-09-01 — Stellae Gaming
2026-09-01 — NEXT 
2026-09-01 — Ghools Esports
2026-09-01 — LIT Esport
2026-09-01 — E-KING
2026-09-01 — Todak
2026-09-01 — Fancy United
2026-09-01 — Bodax Gaming
2026-09-01 — FUT Academy
2026-09-01 — Dortmund Gesichtenhausen
2026-09-01 — Cristaux de Menthe
2026-09-01 — S2G Glaux
2026-09-01 — Sissi State Punks Numina
2026-09-01 — Streamerzone INDIGO
2026-09-01 — TWISTED SAINTS X
2026-09-01 — KIT CATS
2026-09-01 — QoR
2026-09-01 — Team Evictix
2026-09-01 — YFP Gaming
2026-09-01 — ULF Esports
2026-09-01 — BUNKURS 13
2026-09-01 — LEO
2026-09-01 — VINFO
2026-09-01 — ex-TSE Ascending
2026-09-01 — Boogeymen
2026-09-01 — ALT F4
2026-09-01 — LYON
2026-09-01 — Tezcat Gaming
2026-09-01 — Farenvehn
2026-09-01 — AB3 Esports
2026-09-01 — Reféns do Turkish
2026-09-01 — HOLY
2026-09-01 — Paysandu E-Sports
2026-09-01 — Polar Squad Esports GC
2026-09-01 — REMO E-Sports
2026-09-01 — Equipe Caos
2026-09-01 — Blue Otter GC
2026-09-01 — Ghost Gaming GC
2026-09-01 — 100 Thieves GC
2026-09-01 — Kiwoom DRX Academy
2026-09-01 — 555
2026-09-01 — NAOS Esports
2026-09-01 — 4 shurima
2026-09-01 — Kadiliman Esports
2026-09-01 — Melser Kindergarten
2026-09-01 —  Team Pulsar
2026-09-01 — xCrew Esports
2026-09-01 — Murash
2026-09-01 — Riddle
2026-09-01 — TEAM SCARS
2026-09-01 — Lost Puppies
2026-09-01 — NAVI Junior
2026-09-01 — Spire Esports
2026-09-01 — HGE Esports
2026-09-01 —  REBORN
2026-09-01 —  Uwinks GC
2026-09-01 — FENNEL Female
2026-09-01 — EGO
2026-09-01 — Grizzly Gang
2026-09-01 — Team Weibo
2026-09-01 — Xiao Long Bao
2026-09-01 — Dynamo Esports
2026-09-01 — YFT Esports
2026-09-01 — Stray Kittens
2026-09-01 — AG.AL International
2026-09-01 — MIBR LOS
